2025/08/06 00:54:28 [emerg] 1#1: host not found in upstream "activa-backend" in /etc/nginx/conf.d/base.conf:6
2025/08/06 00:54:32 [notice] 1#1: using the "epoll" event method
2025/08/06 00:54:32 [notice] 1#1: nginx/1.21.6
2025/08/06 00:54:32 [notice] 1#1: built by gcc 10.2.1 20210110 (Debian 10.2.1-6) 
2025/08/06 00:54:32 [notice] 1#1: OS: Linux 6.6.87.2-microsoft-standard-WSL2
2025/08/06 00:54:32 [notice] 1#1: getrlimit(RLIMIT_NOFILE): 1048576:1048576
2025/08/06 00:54:32 [notice] 1#1: start worker processes
2025/08/06 00:54:32 [notice] 1#1: start worker process 22
2025/08/06 00:54:32 [notice] 1#1: start worker process 23
2025/08/06 00:54:32 [notice] 1#1: start worker process 24
2025/08/06 00:54:32 [notice] 1#1: start worker process 25
2025/08/06 00:54:32 [notice] 1#1: start worker process 26
2025/08/06 00:54:32 [notice] 1#1: start worker process 27
2025/08/06 00:54:32 [notice] 1#1: start worker process 28
2025/08/06 00:54:32 [notice] 1#1: start worker process 29
2025/08/06 00:57:03 [notice] 1#1: signal 3 (SIGQUIT) received, shutting down
2025/08/06 00:57:03 [notice] 26#26: gracefully shutting down
2025/08/06 00:57:03 [notice] 22#22: gracefully shutting down
2025/08/06 00:57:03 [notice] 25#25: gracefully shutting down
2025/08/06 00:57:03 [notice] 25#25: exiting
2025/08/06 00:57:03 [notice] 28#28: gracefully shutting down
2025/08/06 00:57:03 [notice] 26#26: exiting
2025/08/06 00:57:03 [notice] 29#29: gracefully shutting down
2025/08/06 00:57:03 [notice] 23#23: gracefully shutting down
2025/08/06 00:57:03 [notice] 23#23: exiting
2025/08/06 00:57:03 [notice] 24#24: gracefully shutting down
2025/08/06 00:57:03 [notice] 27#27: gracefully shutting down
2025/08/06 00:57:03 [notice] 27#27: exiting
2025/08/06 00:57:03 [notice] 22#22: exiting
2025/08/06 00:57:03 [notice] 22#22: exit
2025/08/06 00:57:03 [notice] 25#25: exit
2025/08/06 00:57:03 [notice] 28#28: exiting
2025/08/06 00:57:03 [notice] 28#28: exit
2025/08/06 00:57:03 [notice] 26#26: exit
2025/08/06 00:57:03 [notice] 29#29: exiting
2025/08/06 00:57:03 [notice] 23#23: exit
2025/08/06 00:57:03 [notice] 24#24: exiting
2025/08/06 00:57:03 [notice] 24#24: exit
2025/08/06 00:57:03 [notice] 27#27: exit
2025/08/06 00:57:03 [notice] 29#29: exit
2025/08/06 00:57:12 [emerg] 1#1: host not found in upstream "activa-backend" in /etc/nginx/conf.d/base.conf:6
2025/08/06 00:57:17 [notice] 1#1: using the "epoll" event method
2025/08/06 00:57:17 [notice] 1#1: nginx/1.21.6
2025/08/06 00:57:17 [notice] 1#1: built by gcc 10.2.1 20210110 (Debian 10.2.1-6) 
2025/08/06 00:57:17 [notice] 1#1: OS: Linux 6.6.87.2-microsoft-standard-WSL2
2025/08/06 00:57:17 [notice] 1#1: getrlimit(RLIMIT_NOFILE): 1048576:1048576
2025/08/06 00:57:17 [notice] 1#1: start worker processes
2025/08/06 00:57:17 [notice] 1#1: start worker process 22
2025/08/06 00:57:17 [notice] 1#1: start worker process 23
2025/08/06 00:57:17 [notice] 1#1: start worker process 24
2025/08/06 00:57:17 [notice] 1#1: start worker process 25
2025/08/06 00:57:17 [notice] 1#1: start worker process 26
2025/08/06 00:57:17 [notice] 1#1: start worker process 27
2025/08/06 00:57:17 [notice] 1#1: start worker process 28
2025/08/06 00:57:17 [notice] 1#1: start worker process 29
2025/08/06 00:58:50 [warn] 25#25: *8 an upstream response is buffered to a temporary file /var/cache/nginx/proxy_temp/1/00/0000000001 while reading upstream, client: 172.18.0.1, server: localhost, request: "GET /images/carrouselve7_suave.png HTTP/1.1", upstream: "http://172.18.0.5:3032/images/carrouselve7_suave.png", host: "localhost", referrer: "http://localhost/"
2025/08/06 00:58:50 [warn] 24#24: *6 an upstream response is buffered to a temporary file /var/cache/nginx/proxy_temp/2/00/0000000002 while reading upstream, client: 172.18.0.1, server: localhost, request: "GET /images/carrouselve6_suave.png HTTP/1.1", upstream: "http://172.18.0.5:3032/images/carrouselve6_suave.png", host: "localhost", referrer: "http://localhost/"
2025/08/06 00:59:15 [notice] 1#1: signal 3 (SIGQUIT) received, shutting down
2025/08/06 00:59:15 [notice] 25#25: gracefully shutting down
2025/08/06 00:59:15 [notice] 23#23: gracefully shutting down
2025/08/06 00:59:15 [notice] 22#22: gracefully shutting down
2025/08/06 00:59:15 [notice] 22#22: exiting
2025/08/06 00:59:15 [notice] 29#29: gracefully shutting down
2025/08/06 00:59:15 [notice] 27#27: gracefully shutting down
2025/08/06 00:59:15 [notice] 26#26: gracefully shutting down
2025/08/06 00:59:15 [notice] 28#28: gracefully shutting down
2025/08/06 00:59:15 [notice] 28#28: exiting
2025/08/06 00:59:15 [notice] 28#28: exit
2025/08/06 00:59:15 [notice] 24#24: gracefully shutting down
2025/08/06 00:59:15 [notice] 25#25: exiting
2025/08/06 00:59:15 [notice] 23#23: exiting
2025/08/06 00:59:15 [notice] 22#22: exit
2025/08/06 00:59:15 [notice] 29#29: exiting
2025/08/06 00:59:15 [notice] 27#27: exiting
2025/08/06 00:59:15 [notice] 26#26: exiting
2025/08/06 00:59:15 [notice] 24#24: exiting
2025/08/06 00:59:15 [notice] 25#25: exit
2025/08/06 00:59:15 [notice] 23#23: exit
2025/08/06 00:59:15 [notice] 29#29: exit
2025/08/06 00:59:15 [notice] 27#27: exit
2025/08/06 00:59:15 [notice] 26#26: exit
2025/08/06 00:59:15 [notice] 24#24: exit
2025/08/06 00:59:15 [notice] 1#1: signal 17 (SIGCHLD) received from 24
2025/08/06 00:59:15 [notice] 1#1: worker process 23 exited with code 0
2025/08/06 00:59:15 [notice] 1#1: worker process 24 exited with code 0
2025/08/06 00:59:15 [notice] 1#1: signal 29 (SIGIO) received
2025/08/06 00:59:15 [notice] 1#1: signal 17 (SIGCHLD) received from 28
2025/08/06 00:59:15 [notice] 1#1: worker process 25 exited with code 0
2025/08/06 00:59:15 [notice] 1#1: worker process 28 exited with code 0
2025/08/06 00:59:15 [notice] 1#1: signal 29 (SIGIO) received
